// Jest Snapshot v1, https://goo.gl/fbAQLP

exports[`Output component: should match the snapshot 1`] = `ReactWrapper {}`;
