// Jest Snapshot v1, https://goo.gl/fbAQLP

exports[`Query component: should match the snapshot 1`] = `ReactWrapper {}`;
